I'm sorry, but errors were detected in your script. Please correct the
errors listed below, and try again.


File "game/script.rpy", line 242: choice menuitem expects a non-empty block.
    "Disengage":
                ^

Ren'Py Version: Ren'Py 7.3.2.320
Mon Aug 09 21:16:56 2021
